Γ¥î Test suite error: timeout of 15000ms exceeded
